// Vitest Snapshot v1, https://vitest.dev/guide/snapshot.html

exports[`snapshot test closed 1`] = `
<div
  class="log-list-item false"
  data-testid="log-list-item"
>
  <div
    class="item-summary"
    role="button"
  >
    <span>
      2024-08-30T17:15:30.163Z
    </span>
    <span
      class="item-raw"
    >
      {"_time":1722523685074,"cid":"api","channel":"conf:policies","level":"info","message":"loading policy","context":"cribl","policy":{"args":["groupName","dashboardId"],"template":["GET /m/\${groupName}/search/dashboards/\${dashboardId}","GET /m/\${groupName}/search/dashboards/\${dashboardId}/*"],"description":"Can view and use the dashboard","title":"Read Only"}}
    </span>
  </div>
</div>
`;
